[sifattechpoint.wordpress.com/index.html]
[backblue.gif]
[fade.gif]
[index.html]
[s0.wp.com/wp-content/plugins/custom-fonts/js/webfont.js]
[s2.wp.com/wp-content/mu-plugins/global-print/global-printa1cf.css]
[s0.wp.com/_static/index2b7a.html]
[sifattechpoint.wordpress.com/comments/feed/index.html]
[sifattechpoint.wordpress.com/feed/index.html]
[s0.wp.com/wp-content/themes/h4/global21a2.css]
[s0.wp.com/wp-content/mu-plugins/highlander-comments/style68a8.css]
[sifattechpoint.wordpress.com/xmlrpc0db0.php]
[sifattechpoint.wordpress.com/osd.xml]
[sifattechpoint.files.wordpress.com/2021/02/cropped-20201025_19400076ca.jpg]
[sifattechpoint.files.wordpress.com/2021/02/cropped-20201025_1940009939.jpg]
[sifattechpoint.files.wordpress.com/2021/02/cropped-20201025_194000ad83.jpg]
[sifattechpoint.files.wordpress.com/2021/03/cropped-20210315_194510-1.jpg]
[sifattechpoint.files.wordpress.com/2021/03/e0a7a8e0a7a6e0a7a8e0a7a7e0a7a6e0a7a9e0a7a7e0a7ac_e0a7a7e0a7ade0a7a7e0a7a7e0a7a7e0a7af.jpg]
[sifattechpoint.files.wordpress.com/2022/12/20221221_1121012dff.jpg]
[sifattechpoint.wordpress.com/home/index.html]
[sifattechpoint.files.wordpress.com/2022/02/download-png-23d5a.png]
[sifattechpoint.wordpress.com/about/index.html]
[sifattechpoint.files.wordpress.com/2022/07/20220708_1309342dff.jpg]
[sifattechpoint.wordpress.com/category/free-plp/index.html]
[sifattechpoint.files.wordpress.com/2022/04/download-png3d5a.png]
[sifattechpoint.files.wordpress.com/2022/07/20220707_0020372dff.jpg]
[sifattechpoint.wordpress.com/category/free-font/index.html]
[sifattechpoint.files.wordpress.com/2022/04/download-png.png]
[sifattechpoint.wordpress.com/category/premium-font/index.html]
[sifattechpoint.files.wordpress.com/2022/07/20220703_1846492dff.jpg]
[sifattechpoint.wordpress.com/contact/index.html]
[sifattechpoint.wordpress.com/category/premium-plp/index.html]
[sifattechpoint.wordpress.com/category/videos/index.html]
[sifattechpoint.files.wordpress.com/2022/07/20220701_0806332dff.jpg]
[sifattechpoint.files.wordpress.com/2022/04/20220426_0747542dff.jpg]
[sifattechpoint.wordpress.com/tag/free-plp/index.html]
[sifattechpoint.wordpress.com/category/png/index.html]
[sifattechpoint.files.wordpress.com/2022/04/20220414_0820302dff.jpg]
[sifattechpoint.wordpress.com/2022/12/21/happy-new-year-poster-2023-01/index.html]
[sifattechpoint.wordpress.com/category/thumbnail-background/index.html]
[sifattechpoint.wordpress.com/tag/happy-new-year-2023/index.html]
[sifattechpoint.files.wordpress.com/2022/03/20220323_1742502dff.jpg]
[sifattechpoint.wordpress.com/tag/happy-new-year-poster-design-2023/index.html]
[sifattechpoint.wordpress.com/tag/happy-new-year-poster/index.html]
[sifattechpoint.wordpress.com/tag/md-sifat-hossain/index.html]
[sifattechpoint.files.wordpress.com/2022/03/download-png3d5a.png]
[sifattechpoint.wordpress.com/tag/sifat-tech-point/index.html]
[sifattechpoint.files.wordpress.com/2022/03/20220304_1849012dff.jpg]
[sifattechpoint.wordpress.com/author/sifattechpoint/index.html]
[sifattechpoint.wordpress.com/2022/07/08/eid-al-adha-poster-design-4/index.html]
[sifattechpoint.files.wordpress.com/2022/02/20220224_2017102dff.jpg]
[sifattechpoint.wordpress.com/tag/pixellab-poster-design/index.html]
[sifattechpoint.files.wordpress.com/2022/02/download-png-33d5a.png]
[sifattechpoint.wordpress.com/2022/07/07/eid-ul-azha-poster-design-3-2/index.html]
[sifattechpoint.files.wordpress.com/2021/03/cropped-20210315_194510-17556.jpg]
[sifattechpoint.wordpress.com/tag/মোবাইল-দিয়ে-পোস্টার-ডিজ/index.html]
[widgets.wp.com/platform.js]
[sifattechpoint.wordpress.com/tag/ঈদ-পোষ্টার/index.html]
[0.gravatar.com/js/gprofiles161f.js]
[sifattechpoint.wordpress.com/tag/ঈদ-মোবারক-পোস্টার/index.html]
[s1.wp.com/wp-content/mu-plugins/gravatar-hovercards/wpgrohodc5c.js]
[sifattechpoint.wordpress.com/tag/ঈদের-শুভেচ্ছা-কার্ড/index.html]
[sifattechpoint.wordpress.com/GET.1e.delayed]
[sifattechpoint.wordpress.com/tag/eid-mubarak-post/index.html]
[sifattechpoint.wordpress.com/2022/07/03/eid-ul-azha-poster-design-2-2/index.html]
[sifattechpoint.files.wordpress.com/2021/02/cropped-20201025_194000ae05.jpg]
[sifattechpoint.wordpress.com/tag/free-plp-file/index.html]
[sifattechpoint.wordpress.com/tag/পোস্টার-।-ঈদ-মোবারক-ব্যা/index.html]
[sifattechpoint.wordpress.com/2022/07/01/eid-ul-azha-poster-design-1/index.html]
[sifattechpoint.wordpress.com/tag/eid-mubarak-2022/index.html]
[sifattechpoint.wordpress.com/tag/eid-mubarak-poster-design/index.html]
[sifattechpoint.wordpress.com/tag/ঈদুল-আযহা-2022/index.html]
[sifattechpoint.wordpress.com/2022/04/14/eid-mubarak-poster-design-2/index.html]
[sifattechpoint.wordpress.com/2022/03/23/independence-day-poster-design-2/index.html]
[sifattechpoint.wordpress.com/2022/04/26/eid-ul-fitr-poster-design-2/index.html]
[s0.wp.com/wp-content/mu-plugins/actionbar/actionbar2866.css]
[sifattechpoint.wordpress.com/tag/26শে-মার্চ-এর-পোস্টার/index.html]
[sifattechpoint.wordpress.com/tag/স্বাধীনতা-দিবসের-পোস্টার/index.html]
[s0.wp.com/wp-content/mu-plugins/actionbar/actionbarb516.js]
[sifattechpoint.wordpress.com/2022/03/08/17-march-poster-design-1/index.html]
[s1.wp.com/wp-content/mu-plugins/jetpack-plugin/production/modules/tiled-gallery/tiled-gallery/tiled-gallery2caa.css]
[sifattechpoint.wordpress.com/tag/17-march-poster-design/index.html]
[sifattechpoint.wordpress.com/wp-content/plugins/ie-sitemode/custom-jumplist.php]
[sifattechpoint.wordpress.com/tag/বঙ্গবন্ধু-শেখ-মুজিবুর-রহ/index.html]
[stats.wp.com/w03af.js]
[sifattechpoint.wordpress.com/tag/২৬শে-মার্চ-এর-পোস্টার-ডিজ/index.html]
[pixel.wp.com/b0b80.gif]
[sifattechpoint.wordpress.com/index.html]
[sifattechpoint.wordpress.com/tag/17-ই-মার্চের-পোস্টার-ডিজাইন-free/index.html]
[sifattechpoint.wordpress.com/2022/02/25/26th-march-poster-design-1/index.html]
[sifattechpoint.wordpress.com/page/2/index.html]
[sifattechpoint.wordpress.com/2022/12/index.html]
[sifattechpoint.wordpress.com/2021/10/10/poster-design-in-selection-plp/index.html]
[s0.wp.com/_static/indexb71d.html]
[sifattechpoint.wordpress.com/2021/10/31/poster-design-in-selection-plp-02/index.html]
[s0.wp.com/_static/index2b7a.html]
[s2.wp.com/wp-content/mu-plugins/global-print/global-printa1cf.css]
[s0.wp.com/wp-content/themes/h4/global21a2.css]
[s0.wp.com/wp-content/mu-plugins/highlander-comments/images/button-back.gif]
[s0.wp.com/wp-content/mu-plugins/highlander-comments/images/button-back-over.gif]
[s0.wp.com/wp-content/mu-plugins/highlander-comments/images/loader.gif]
[s0.wp.com/wp-content/mu-plugins/highlander-comments/style68a8.css]
[sifattechpoint.wordpress.com/2021/09/24/visiting-card-design-plp2/index.html]
[sifattechpoint.files.wordpress.com/2021/06/2021-06-23_16-21-202dff.jpg]
[sifattechpoint.files.wordpress.com/2021/06/2021-06-23_16-20-392dff.jpg]
[sifattechpoint.files.wordpress.com/2021/06/2021-06-23_16-19-402dff.jpg]
[sifattechpoint.files.wordpress.com/2021/06/2021-06-23_16-21-382dff.jpg]
[sifattechpoint.files.wordpress.com/2021/06/2021-06-23_16-19-572dff.jpg]
[sifattechpoint.wordpress.com/home/feed/index.html]
[sifattechpoint.files.wordpress.com/2021/06/2021-06-23_16-22-472dff.jpg]
[sifattechpoint.files.wordpress.com/2021/06/2021-06-23_16-20-542dff.jpg]
[sifattechpoint.files.wordpress.com/2021/06/2021-06-23_16-22-242dff.jpg]
[sifattechpoint.files.wordpress.com/2021/06/2021-06-23_16-23-062dff.jpg]
[sifattechpoint.files.wordpress.com/2021/06/2021-06-23_16-20-192dff.jpg]
[sifattechpoint.files.wordpress.com/2021/06/2021-06-23_16-20-54-12dff.jpg]
[sifattechpoint.files.wordpress.com/2021/06/e0a7a8e0a7a6e0a7a8e0a7a7e0a7a6e0a7ace0a7a6e0a7ad_e0a7a7e0a7ace0a7a7e0a7a8e0a7a7e0a7ad2dff.jpg]
[sifattechpoint.files.wordpress.com/2021/06/20210615_210954-22dff.jpg]
[sifattechpoint.files.wordpress.com/2021/06/20210622_2159312dff.jpg]
[sifattechpoint.files.wordpress.com/2021/08/20210814_1424282dff.jpg]
[sifattechpoint.files.wordpress.com/2021/08/20210814_0844462dff.jpg]
[sifattechpoint.files.wordpress.com/2022/03/20220323_174250.jpg]
[sifattechpoint.files.wordpress.com/2022/02/20220224_201710.jpg]
[sifattechpoint.wordpress.com/home/GET]
[sifattechpoint.wordpress.com/home/index.html]
[sifattechpoint.files.wordpress.com/2021/08/20201025_194000.jpg]
[sifattechpoint.wordpress.com/about/GET]
[sifattechpoint.wordpress.com/about/index.html]
[sifattechpoint.files.wordpress.com/2021/08/20201025_1940007556.jpg]
[sifattechpoint.wordpress.com/contact/GET]
[sifattechpoint.wordpress.com/contact/index.html]
[sifattechpoint.wordpress.com/category/free-plp/GET]
[sifattechpoint.wordpress.com/category/free-plp/feed/index.html]
[sifattechpoint.wordpress.com/category/free-plp/page/2/index.html]
[sifattechpoint.wordpress.com/category/free-plp/index.html]
[sifattechpoint.wordpress.com/category/premium-plp/GET]
[sifattechpoint.wordpress.com/category/premium-plp/feed/index.html]
[sifattechpoint.wordpress.com/category/premium-plp/index.html]
[s1.wp.com/wp-content/mu-plugins/jetpack-plugin/production/modules/theme-tools/responsive-videos/responsive-videos2caa.css]
[sifattechpoint.wordpress.com/category/free-font/GET]
[sifattechpoint.wordpress.com/category/free-font/feed/index.html]
[sifattechpoint.wordpress.com/category/free-font/index.html]
[sifattechpoint.wordpress.com/category/premium-font/GET]
[sifattechpoint.wordpress.com/category/premium-font/feed/index.html]
[sifattechpoint.wordpress.com/category/premium-font/index.html]
[sifattechpoint.wordpress.com/category/videos/GET]
[sifattechpoint.wordpress.com/category/videos/feed/index.html]
[sifattechpoint.wordpress.com/category/videos/index.html]
[sifattechpoint.wordpress.com/category/thumbnail-background/GET]
[sifattechpoint.wordpress.com/category/thumbnail-background/feed/index.html]
[sifattechpoint.wordpress.com/category/thumbnail-background/index.html]
[sifattechpoint.wordpress.com/wp-content/js/bilmur.min6ee1.js]
[sifattechpoint.wordpress.com/category/png/GET]
[sifattechpoint.wordpress.com/category/png/feed/index.html]
[sifattechpoint.wordpress.com/category/png/index.html]
[sifattechpoint.files.wordpress.com/2022/02/20220212_1706062dff.jpg]
[sifattechpoint.wordpress.com/tag/free-plp/feed/index.html]
[sifattechpoint.wordpress.com/2022/02/13/ekushey-february-banner-design-2/index.html]
[sifattechpoint.files.wordpress.com/2022/02/download-png-13d5a.png]
[sifattechpoint.wordpress.com/tag/free-plp/GET]
[sifattechpoint.wordpress.com/tag/একুশে-ফেব্রুয়ারির-পোস্ট/index.html]
[sifattechpoint.wordpress.com/tag/একুশে-ফেব্রুয়ারির-ব্যান/index.html]
[sifattechpoint.wordpress.com/tag/free-plp/index.html]
[sifattechpoint.wordpress.com/tag/free-plp/page/2/index.html]
[ced.sascdn.com/tag/3905/smart.js]
[sifattechpoint.wordpress.com/2022/12/21/happy-new-year-poster-2023-01/feed/index.html]
[sifattechpoint.wordpress.com/2022/12/21/happy-new-year-poster-2023-01/GET]
[sifattechpoint.wordpress.com/2022/12/21/happy-new-year-poster-2023-01/index9e16.html]
[sifattechpoint.wordpress.com/2022/12/21/index.html]
[sifattechpoint.wordpress.com/2022/07/index.html]
[sifattechpoint.wordpress.com/2022/12/21/happy-new-year-poster-2023-01/index.html]
[sifattechpoint.wordpress.com/author/sifattechpoint/feed/index.html]
[sifattechpoint.wordpress.com/author/sifattechpoint/GET]
[sifattechpoint.wordpress.com/author/sifattechpoint/page/2/index.html]
[sifattechpoint.wordpress.com/author/sifattechpoint/index.html]
[sifattechpoint.wordpress.com/tag/happy-new-year-2023/GET]
[sifattechpoint.wordpress.com/tag/happy-new-year-2023/index.html]
[sifattechpoint.wordpress.com/tag/happy-new-year-poster/feed/index.html]
[sifattechpoint.wordpress.com/2022/12/21/happy-new-year-poster-2023-01/index7258.html]
[sifattechpoint.files.wordpress.com/2021/12/20211225_1600162dff.jpg]
[sifattechpoint.wordpress.com/2021/12/25/happy-new-year-poster-design-02/index.html]
[sifattechpoint.wordpress.com/tag/happy-new-year-poster/GET]
[sifattechpoint.wordpress.com/tag/happy-new-year-poster/index.html]
[sifattechpoint.wordpress.com/tag/happy-new-year-poster-design-2023/GET]
[sifattechpoint.wordpress.com/tag/happy-new-year-poster-design-2023/feed/index.html]
[sifattechpoint.wordpress.com/tag/happy-new-year-poster-design-2023/index.html]
[sifattechpoint.wordpress.com/tag/md-sifat-hossain/GET]
[sifattechpoint.wordpress.com/tag/md-sifat-hossain/feed/index.html]
[sifattechpoint.wordpress.com/tag/md-sifat-hossain/index.html]
[sifattechpoint.wordpress.com/tag/pixellab-poster-design/GET]
[sifattechpoint.wordpress.com/tag/pixellab-poster-design/feed/index.html]
[sifattechpoint.wordpress.com/tag/pixellab-poster-design/index.html]
[sifattechpoint.wordpress.com/tag/sifat-tech-point/GET]
[sifattechpoint.wordpress.com/tag/sifat-tech-point/feed/index.html]
[sifattechpoint.wordpress.com/tag/happy-new-year-2023/feed/index.html]
[sifattechpoint.wordpress.com/tag/sifat-tech-point/page/2/index.html]
[sifattechpoint.wordpress.com/tag/sifat-tech-point/index.html]
[sifattechpoint.wordpress.com/2022/07/08/eid-al-adha-poster-design-4/GET]
[sifattechpoint.wordpress.com/2022/07/01/index.html]
[sifattechpoint.wordpress.com/2022/07/03/index.html]
[sifattechpoint.wordpress.com/2022/07/08/eid-al-adha-poster-design-4/index.html]
[sifattechpoint.wordpress.com/2022/07/08/index.html]
[sifattechpoint.wordpress.com/2022/07/07/index.html]
[sifattechpoint.wordpress.com/2022/04/index.html]
[sifattechpoint.wordpress.com/tag/মোবাইল-দিয়ে-পোস্টার-ডিজ/index.html]
[sifattechpoint.wordpress.com/tag/pixellab-poster-design/page/2/index.html]
[sifattechpoint.wordpress.com/tag/ঈদুল-আজহার-পোস্টার-ডিজাই-2/index.html]
[sifattechpoint.wordpress.com/2022/07/08/eid-al-adha-poster-design-4/feed/index.html]
[sifattechpoint.wordpress.com/tag/free-plp-file/feed/index.html]
[sifattechpoint.wordpress.com/2022/01/03/ekushey-february-poster-plp-01/index.html]
[sifattechpoint.files.wordpress.com/2022/01/20220103_093543f708.jpg]
[sifattechpoint.files.wordpress.com/2022/01/download-png3d5a.png]
[sifattechpoint.files.wordpress.com/2021/10/20211031_1017172dff.jpg]
[sifattechpoint.files.wordpress.com/2021/10/20211010_1257042dff.jpg]
[sifattechpoint.wordpress.com/tag/21-february-poster/index.html]
[sifattechpoint.wordpress.com/tag/একুশে-ফেব্রুয়ারি-পোস্টা/index.html]
[sifattechpoint.files.wordpress.com/2021/09/20210924_1030262dff.jpg]
[sifattechpoint.wordpress.com/category/বিবিধ/index.html]
[sifattechpoint.wordpress.com/tag/নির্বাচনের-পোস্টার-ডিজাই/index.html]
[sifattechpoint.files.wordpress.com/2021/08/20210802_1055432dff.jpg]
[sifattechpoint.wordpress.com/tag/poster/index.html]
[sifattechpoint.wordpress.com/tag/মোবাইল-দিয়ে/index.html]
[sifattechpoint.wordpress.com/2021/08/02/august-15-poster-design-1/index.html]
[sifattechpoint.wordpress.com/tag/free-plp-file/GET.88.delayed]
[sifattechpoint.wordpress.com/tag/15-august-poster-design/index.html]
[sifattechpoint.wordpress.com/tag/15-august-banner-design-2021/index.html]
[sifattechpoint.wordpress.com/tag/15-august-postet-design-in-pixellab/index.html]
[sifattechpoint.wordpress.com/tag/august-15-poster-design/index.html]
[sifattechpoint.wordpress.com/tag/জাতীয়-শোক-দিবস/index.html]
[sifattechpoint.wordpress.com/tag/জাতীয়-শোক-দিবস-পোষ্টার-ডি/index.html]
[sifattechpoint.wordpress.com/tag/১৫-আগষ্ট-পোষ্টার-ডিজাইন-২/index.html]
[sifattechpoint.wordpress.com/tag/visiting-card-design/index.html]
[sifattechpoint.wordpress.com/tag/১৫-আগষ্ট-পোষ্টার-ডিজাইন-২-2/index.html]
[sifattechpoint.wordpress.com/tag/free-plp-file/index.html]
[sifattechpoint.wordpress.com/tag/১৫-আগস্ট-ব্যানার-ডিজাইন-শ/index.html]
[sifattechpoint.wordpress.com/tag/শোক-দিবসের-পোস্টার-ডিজাই/index.html]
[sifattechpoint.wordpress.com/tag/plp/index.html]
[sifattechpoint.wordpress.com/tag/poster-design-free-plp/index.html]
[sifattechpoint.wordpress.com/tag/tech-jakir/index.html]
[sifattechpoint.wordpress.com/tag/free-plp-file/page/2/index.html]
[sifattechpoint.wordpress.com/2022/07/07/eid-ul-azha-poster-design-3-2/feed/index.html]
[sifattechpoint.wordpress.com/tag/independence-day-poster-design/index.html]
[sifattechpoint.wordpress.com/tag/mobile-graphic-design-bangla-tutorial/index.html]
[sifattechpoint.wordpress.com/2022/07/07/eid-ul-azha-poster-design-3-2/GET.8b.delayed]
[sifattechpoint.wordpress.com/2022/07/07/eid-ul-azha-poster-design-3-2/index.html]
[sifattechpoint.wordpress.com/tag/ঈদ-পোষ্টার/index.html]
[sifattechpoint.wordpress.com/tag/ঈদ-মোবারক-পোস্টার/index.html]
[sifattechpoint.wordpress.com/tag/ঈদুল-আযহা-2022/index.html]
[sifattechpoint.wordpress.com/tag/ঈদের-শুভেচ্ছা-কার্ড/index.html]
[sifattechpoint.wordpress.com/tag/eid-mubarak-post/GET]
[sifattechpoint.wordpress.com/tag/eid-mubarak-post/index.html]
[sifattechpoint.wordpress.com/2022/07/03/eid-ul-azha-poster-design-2-2/GET]
[sifattechpoint.wordpress.com/tag/eid-mubarak-post/feed/index.html]
[sifattechpoint.wordpress.com/2022/07/03/eid-ul-azha-poster-design-2-2/feed/index.html]
[sifattechpoint.wordpress.com/2022/07/03/eid-ul-azha-poster-design-2-2/index.html]
[sifattechpoint.wordpress.com/tag/পোস্টার-।-ঈদ-মোবারক-ব্যা/index.html]
[sifattechpoint.wordpress.com/2022/07/01/eid-ul-azha-poster-design-1/GET]
[sifattechpoint.wordpress.com/2022/07/01/eid-ul-azha-poster-design-1/index.html]
[sifattechpoint.wordpress.com/tag/eid-mubarak-2022/feed/index.html]
[sifattechpoint.wordpress.com/tag/eid-mubarak-2022/GET]
[sifattechpoint.wordpress.com/tag/eid-mubarak-2022/index.html]
[sifattechpoint.wordpress.com/tag/eid-mubarak-poster-design/GET]
[sifattechpoint.wordpress.com/tag/eid-mubarak-poster-design/feed/index.html]
[sifattechpoint.wordpress.com/tag/eid-mubarak-poster-design/index.html]
[sifattechpoint.wordpress.com/2022/04/26/eid-ul-fitr-poster-design-2/GET]
[sifattechpoint.wordpress.com/2022/04/26/eid-ul-fitr-poster-design-2/feed/index.html]
[sifattechpoint.wordpress.com/2022/04/26/eid-ul-fitr-poster-design-2/index5d78.html]
[sifattechpoint.wordpress.com/2022/04/26/eid-ul-fitr-poster-design-2/index61aa.html]
[sifattechpoint.wordpress.com/2022/04/26/eid-ul-fitr-poster-design-2/index.html]
[sifattechpoint.wordpress.com/2022/04/26/eid-ul-fitr-poster-design-2/indexc916.html]
[sifattechpoint.wordpress.com/2022/04/26/eid-ul-fitr-poster-design-2/indexde94.html]
[sifattechpoint.wordpress.com/2022/04/26/eid-ul-fitr-poster-design-2/index5785.html]
[sifattechpoint.wordpress.com/2022/07/01/eid-ul-azha-poster-design-1/feed/index.html]
[sifattechpoint.wordpress.com/2022/04/26/eid-ul-fitr-poster-design-2/indexd125.html]
[sifattechpoint.wordpress.com/2022/04/14/eid-mubarak-poster-design-2/GET]
[sifattechpoint.wordpress.com/2022/04/14/index.html]
[sifattechpoint.wordpress.com/2022/04/14/eid-mubarak-poster-design-2/feed/index.html]
[sifattechpoint.wordpress.com/2022/04/14/eid-mubarak-poster-design-2/indexb641.html]
[sifattechpoint.wordpress.com/2022/04/14/eid-mubarak-poster-design-2/index.html]
[sifattechpoint.wordpress.com/2022/03/index.html]
[sifattechpoint.wordpress.com/2022/04/14/eid-mubarak-poster-design-2/indexdefb.html]
[sifattechpoint.wordpress.com/2022/04/14/eid-mubarak-poster-design-2/indexbdf8.html]
[sifattechpoint.wordpress.com/2022/04/14/eid-mubarak-poster-design-2/indexf05e.html]
[sifattechpoint.wordpress.com/2022/03/23/independence-day-poster-design-2/GET]
[sifattechpoint.wordpress.com/2022/04/14/eid-mubarak-poster-design-2/index3d09.html]
[sifattechpoint.wordpress.com/2022/04/14/eid-mubarak-poster-design-2/index67d0.html]
[sifattechpoint.wordpress.com/2022/04/14/eid-mubarak-poster-design-2/index2636.html]
[sifattechpoint.wordpress.com/2022/04/14/eid-mubarak-poster-design-2/index51d0.html]
[sifattechpoint.wordpress.com/2022/04/14/eid-mubarak-poster-design-2/indexb901.html]
[sifattechpoint.wordpress.com/2022/04/14/eid-mubarak-poster-design-2/index6d69.html]
[sifattechpoint.wordpress.com/2022/03/23/independence-day-poster-design-2/index.html]
[sifattechpoint.wordpress.com/2022/04/14/eid-mubarak-poster-design-2/indexd5f9.html]
[sifattechpoint.wordpress.com/2022/04/14/eid-mubarak-poster-design-2/indexbed3.html]
[sifattechpoint.wordpress.com/tag/26শে-মার্চ-এর-পোস্টার/index.html]
[sifattechpoint.wordpress.com/2022/04/26/index.html]
[sifattechpoint.wordpress.com/tag/স্বাধীনতা-দিবসের-পোস্টার/index.html]
[sifattechpoint.wordpress.com/2022/03/08/index.html]
[sifattechpoint.wordpress.com/tag/২৬শে-মার্চ-এর-পোস্টার-ডিজ/index.html]
[sifattechpoint.wordpress.com/2022/03/23/index.html]
[sifattechpoint.wordpress.com/2022/03/23/independence-day-poster-design-2/feed/index.html]
[sifattechpoint.wordpress.com/2022/03/08/17-march-poster-design-1/GET.a6.delayed]
[sifattechpoint.wordpress.com/2022/02/index.html]
[sifattechpoint.wordpress.com/2022/03/08/17-march-poster-design-1/feed/index.html]
[sifattechpoint.wordpress.com/2022/03/08/17-march-poster-design-1/index.html]
[sifattechpoint.wordpress.com/tag/17-ই-মার্চের-পোস্টার-ডিজাইন-free/index.html]
[sifattechpoint.wordpress.com/tag/17-march-poster-design/GET]
[sifattechpoint.wordpress.com/tag/17-march-poster-design/feed/index.html]
[sifattechpoint.wordpress.com/tag/17-march-poster-design/index.html]
[sifattechpoint.wordpress.com/tag/বঙ্গবন্ধু-শেখ-মুজিবুর-রহ/index.html]
[sifattechpoint.wordpress.com/2022/02/25/26th-march-poster-design-1/feed/index.html]
[sifattechpoint.wordpress.com/2022/02/25/26th-march-poster-design-1/GET]
[sifattechpoint.wordpress.com/2022/02/16/ekushey-february-poster-design-3/index.html]
[sifattechpoint.wordpress.com/2022/02/25/26th-march-poster-design-1/indexa9de.html]
[sifattechpoint.wordpress.com/2022/02/25/26th-march-poster-design-1/indexfaf1.html]
[sifattechpoint.wordpress.com/2022/02/25/26th-march-poster-design-1/index1dff.html]
[sifattechpoint.wordpress.com/2022/02/25/26th-march-poster-design-1/index.html]
[sifattechpoint.wordpress.com/2022/02/25/26th-march-poster-design-1/index4bf8.html]
[sifattechpoint.wordpress.com/2022/02/25/26th-march-poster-design-1/indexd14a.html]
[sifattechpoint.wordpress.com/2022/02/25/26th-march-poster-design-1/index2320.html]
[sifattechpoint.wordpress.com/2022/02/25/26th-march-poster-design-1/indexbfaf.html]
[sifattechpoint.wordpress.com/2022/02/25/26th-march-poster-design-1/index094c.html]
[sifattechpoint.wordpress.com/2022/02/25/26th-march-poster-design-1/index7c98.html]
[sifattechpoint.wordpress.com/2022/02/25/26th-march-poster-design-1/index747a.html]
[sifattechpoint.wordpress.com/2022/02/25/26th-march-poster-design-1/indexec27.html]
[sifattechpoint.wordpress.com/2022/02/06/index.html]
[sifattechpoint.wordpress.com/2022/02/13/index.html]
[sifattechpoint.wordpress.com/2022/02/16/index.html]
[sifattechpoint.files.wordpress.com/2022/02/20220216_0804272dff.png]
[sifattechpoint.wordpress.com/2022/02/25/index.html]
[sifattechpoint.wordpress.com/2022/01/index.html]
[sifattechpoint.wordpress.com/2022/02/25/26th-march-poster-design-1/indexda4f.html]
[sifattechpoint.wordpress.com/2022/02/06/ekushey-february-poster-design-2/index.html]
[sifattechpoint.files.wordpress.com/2022/02/20220206_0922542dff.jpg]
[sifattechpoint.files.wordpress.com/2022/02/download-png3d5a.png]
[sifattechpoint.wordpress.com/tag/২১শে-ফেব্রুয়ারি-পোস্টার/index.html]
[sifattechpoint.wordpress.com/2022/01/28/ekushey-february-banner-design-free-plp-01/index.html]
[sifattechpoint.files.wordpress.com/2022/01/20220127_1439402dff.jpg]
[sifattechpoint.files.wordpress.com/2022/01/download-png-13d5a.png]
[sifattechpoint.files.wordpress.com/2021/12/20211225_0904582dff.jpg]
[sifattechpoint.files.wordpress.com/2021/12/20211209_0854442dff.jpg]
[sifattechpoint.wordpress.com/tag/একুশে-ফেব্রুয়ারির-২০২২/index.html]
[sifattechpoint.files.wordpress.com/2021/12/20211206_1456442dff.jpg]
[sifattechpoint.wordpress.com/2021/12/22/poster-design-in-selection-03/index.html]
[sifattechpoint.wordpress.com/tag/চেয়ারম্যান-মেম্বার-নির্/index.html]
[sifattechpoint.wordpress.com/page/2/GET.b7.delayed]
[sifattechpoint.wordpress.com/2021/12/25/happy-new-year-poster-design-01/index.html]
[sifattechpoint.wordpress.com/2021/12/06/victory-day-poster-design-01/index.html]
[sifattechpoint.wordpress.com/page/3/index.html]
[sifattechpoint.wordpress.com/page/2/index.html]
[sifattechpoint.wordpress.com/2022/12/GET]
[sifattechpoint.wordpress.com/tag/বিজয়-দিবসের-পোস্টার/index.html]
[sifattechpoint.wordpress.com/tag/happy-new-year-poster-design/index.html]
[sifattechpoint.wordpress.com/2022/12/index.html]
[sifattechpoint.wordpress.com/2021/10/10/poster-design-in-selection-plp/GET]
[sifattechpoint.wordpress.com/tag/নির্বাচনে-পোস্টার-ডিজাইন/index.html]
[sifattechpoint.wordpress.com/2021/10/10/poster-design-in-selection-plp/feed/index.html]
[sifattechpoint.wordpress.com/2021/09/index.html]
[sifattechpoint.wordpress.com/2021/10/31/index.html]
[sifattechpoint.wordpress.com/2021/10/10/poster-design-in-selection-plp/index.html]
[sifattechpoint.wordpress.com/2021/12/index.html]
[sifattechpoint.wordpress.com/2021/10/31/poster-design-in-selection-plp-02/GET]
[sifattechpoint.wordpress.com/2021/10/31/poster-design-in-selection-plp-02/index.html]
[sifattechpoint.wordpress.com/2021/09/24/visiting-card-design-plp2/feed/index.html]
[sifattechpoint.wordpress.com/2021/09/24/visiting-card-design-plp2/GET]
[sifattechpoint.wordpress.com/2021/10/10/index.html]
[sifattechpoint.wordpress.com/2021/09/24/index.html]
[sifattechpoint.wordpress.com/2021/08/index.html]
[sifattechpoint.wordpress.com/2021/09/24/visiting-card-design-plp2/index.html]
[sifattechpoint.wordpress.com/2021/10/index.html]
[sifattechpoint.wordpress.com/GET.html]
[s0.wp.com/wp-content/mu-plugins/actionbar/actionbar2866.css]
[s1.wp.com/wp-content/mu-plugins/jetpack-plugin/production/modules/tiled-gallery/tiled-gallery/tiled-gallery2caa.css]
[sifattechpoint.wordpress.com/home/GET.html]
[sifattechpoint.wordpress.com/about/GET.html]
[sifattechpoint.wordpress.com/contact/GET.html]
[sifattechpoint.wordpress.com/2021/08/30/birth-memoir-design-1/index.html]
[sifattechpoint.wordpress.com/2021/10/31/poster-design-in-selection-plp-02/feed/index.html]
[sifattechpoint.wordpress.com/category/free-plp/page/2/GET]
[sifattechpoint.wordpress.com/category/free-plp/page/2/index.html]
[sifattechpoint.wordpress.com/category/free-plp/GET.html]
[sifattechpoint.wordpress.com/category/premium-plp/GET.html]
[s1.wp.com/wp-content/mu-plugins/jetpack-plugin/production/modules/theme-tools/responsive-videos/responsive-videos2caa.css]
[sifattechpoint.wordpress.com/category/free-font/GET.html]
[sifattechpoint.wordpress.com/category/premium-font/GET.html]
[sifattechpoint.wordpress.com/category/videos/GET.html]
[sifattechpoint.wordpress.com/category/thumbnail-background/GET.html]
[sifattechpoint.wordpress.com/category/png/GET.html]
[sifattechpoint.wordpress.com/2022/02/13/ekushey-february-banner-design-2/GET]
[sifattechpoint.wordpress.com/category/free-plp/page/3/index.html]
[sifattechpoint.wordpress.com/2022/02/13/ekushey-february-banner-design-2/feed/index.html]
[sifattechpoint.wordpress.com/2022/02/13/ekushey-february-banner-design-2/index.html]
[sifattechpoint.wordpress.com/tag/একুশে-ফেব্রুয়ারির-পোস্ট/index.html]
[sifattechpoint.wordpress.com/tag/একুশে-ফেব্রুয়ারির-ব্যান/index.html]
[sifattechpoint.wordpress.com/tag/free-plp/page/2/GET]
[sifattechpoint.wordpress.com/tag/free-plp/page/3/index.html]
[sifattechpoint.wordpress.com/tag/free-plp/page/2/index.html]
[sifattechpoint.wordpress.com/tag/free-plp/GET.html]
[sifattechpoint.wordpress.com/xmlrpc.php]
[sifattechpoint.wordpress.com/2022/12/21/happy-new-year-poster-2023-01/index9a7b.html]
[sifattechpoint.wordpress.com/2022/12/21/happy-new-year-poster-2023-01/index5a58.html]
[sifattechpoint.wordpress.com/2022/12/21/happy-new-year-poster-2023-01/index7258.html]
[sifattechpoint.wordpress.com/2022/12/21/happy-new-year-poster-2023-01/index9e16.html]
[sifattechpoint.wordpress.com/2022/12/21/GET]
[sifattechpoint.wordpress.com/2022/12/21/index.html]
[sifattechpoint.wordpress.com/2022/07/GET]
[sifattechpoint.wordpress.com/2022/07/index.html]
[sifattechpoint.wordpress.com/2022/12/21/happy-new-year-poster-2023-01/GET.html]
[sifattechpoint.wordpress.com/author/sifattechpoint/page/2/GET]
[sifattechpoint.wordpress.com/author/sifattechpoint/page/3/index.html]
[sifattechpoint.wordpress.com/author/sifattechpoint/page/2/index.html]
[sifattechpoint.wordpress.com/author/sifattechpoint/GET.html]
[sifattechpoint.wordpress.com/tag/happy-new-year-2023/GET.html]
[sifattechpoint.wordpress.com/2021/12/25/happy-new-year-poster-design-02/feed/index.html]
[sifattechpoint.wordpress.com/2021/12/25/happy-new-year-poster-design-02/GET]
[sifattechpoint.wordpress.com/2021/12/25/happy-new-year-poster-design-02/index4c2b.html]
[sifattechpoint.wordpress.com/2021/12/25/happy-new-year-poster-design-02/index04d3.html]
[sifattechpoint.wordpress.com/2021/12/25/happy-new-year-poster-design-02/index23d1.html]
[sifattechpoint.wordpress.com/2021/12/25/happy-new-year-poster-design-02/indexfa40.html]
[sifattechpoint.wordpress.com/2021/12/25/happy-new-year-poster-design-02/indexbc88.html]
[sifattechpoint.wordpress.com/2021/12/25/happy-new-year-poster-design-02/index.html]
[sifattechpoint.wordpress.com/2021/12/25/happy-new-year-poster-design-02/index360b.html]
[sifattechpoint.wordpress.com/tag/happy-new-year-poster/GET.html]
[sifattechpoint.wordpress.com/2021/12/25/happy-new-year-poster-design-02/index8528.html]
[sifattechpoint.wordpress.com/tag/happy-new-year-poster-design-2023/GET.html]
[sifattechpoint.wordpress.com/2021/12/06/index.html]
[sifattechpoint.wordpress.com/tag/md-sifat-hossain/GET.html]
[sifattechpoint.wordpress.com/2021/12/25/happy-new-year-poster-design-02/indexe91f.html]
[sifattechpoint.wordpress.com/2021/12/22/index.html]
[sifattechpoint.wordpress.com/2021/12/25/index.html]
[sifattechpoint.wordpress.com/tag/pixellab-poster-design/page/2/GET]
[sifattechpoint.wordpress.com/tag/pixellab-poster-design/page/3/index.html]
[sifattechpoint.wordpress.com/tag/pixellab-poster-design/page/2/index.html]
[sifattechpoint.wordpress.com/tag/pixellab-poster-design/GET.html]
[sifattechpoint.wordpress.com/tag/sifat-tech-point/page/2/GET]
[sifattechpoint.wordpress.com/tag/sifat-tech-point/page/3/index.html]
[sifattechpoint.wordpress.com/tag/sifat-tech-point/page/2/index.html]
[sifattechpoint.wordpress.com/tag/sifat-tech-point/GET.html]
[sifattechpoint.wordpress.com/2022/07/08/eid-al-adha-poster-design-4/index9a7b.html]
[sifattechpoint.wordpress.com/2022/07/08/eid-al-adha-poster-design-4/index5a58.html]
[sifattechpoint.wordpress.com/2022/07/01/GET]
[sifattechpoint.wordpress.com/2022/07/01/index.html]
[sifattechpoint.wordpress.com/2022/07/03/GET]
[sifattechpoint.wordpress.com/2022/07/03/index.html]
[sifattechpoint.wordpress.com/2022/07/07/GET]
[sifattechpoint.wordpress.com/2022/07/07/index.html]
[sifattechpoint.wordpress.com/2022/07/08/GET]
[sifattechpoint.wordpress.com/2022/07/08/index.html]
[sifattechpoint.wordpress.com/2022/04/GET]
[sifattechpoint.wordpress.com/2022/04/index.html]
[sifattechpoint.wordpress.com/2022/07/08/eid-al-adha-poster-design-4/GET.html]
[sifattechpoint.files.wordpress.com/2021/07/20210714_0924492dff.jpg]
[sifattechpoint.wordpress.com/2021/07/14/eid-ul-azha-poster-design-3/index.html]
[sifattechpoint.files.wordpress.com/2021/06/20210629_1008192dff.jpg]
[sifattechpoint.wordpress.com/2021/06/29/eid-ul-azha-poster-design-2/index.html]
[sifattechpoint.wordpress.com/tag/ঈদুল-আজহার-পোস্টার-ডিজাই-2/GET]
[sifattechpoint.wordpress.com/tag/ঈদুল-আজহার-পোস্টার-ডিজাই-2/index.html]
[sifattechpoint.wordpress.com/2022/01/03/ekushey-february-poster-plp-01/feed/index.html]
[sifattechpoint.wordpress.com/2022/01/03/ekushey-february-poster-plp-01/GET]
[sifattechpoint.wordpress.com/2022/01/03/ekushey-february-poster-plp-01/indexa7a7.html]
[sifattechpoint.wordpress.com/2022/01/03/ekushey-february-poster-plp-01/index6f0d.html]
[sifattechpoint.wordpress.com/2022/01/03/ekushey-february-poster-plp-01/index7659.html]
[sifattechpoint.wordpress.com/2022/01/03/ekushey-february-poster-plp-01/indexa79a.html]
[sifattechpoint.wordpress.com/2022/01/03/ekushey-february-poster-plp-01/indexe5eb.html]
[sifattechpoint.wordpress.com/2022/01/03/ekushey-february-poster-plp-01/indexb621.html]
[sifattechpoint.wordpress.com/2022/01/03/index.html]
[sifattechpoint.wordpress.com/2022/01/28/index.html]
[sifattechpoint.wordpress.com/2022/01/03/ekushey-february-poster-plp-01/index.html]
[sifattechpoint.wordpress.com/tag/21-february-poster/feed/index.html]
[sifattechpoint.wordpress.com/tag/21-february-poster/GET]
[sifattechpoint.wordpress.com/tag/21-february-poster/index.html]
[sifattechpoint.wordpress.com/tag/একুশে-ফেব্রুয়ারি-পোস্টা/index.html]
[sifattechpoint.wordpress.com/category/বিবিধ/index.html]
[sifattechpoint.wordpress.com/tag/নির্বাচনের-পোস্টার-ডিজাই/index.html]
[sifattechpoint.wordpress.com/tag/মোবাইল-দিয়ে/index.html]
[sifattechpoint.wordpress.com/tag/poster/GET]
[sifattechpoint.wordpress.com/tag/poster/index.html]
[sifattechpoint.files.wordpress.com/2021/08/20210813_232049-12dff.jpg]
[sifattechpoint.wordpress.com/tag/visiting-card-design/feed/index.html]
[sifattechpoint.wordpress.com/tag/poster/feed/index.html]
[sifattechpoint.wordpress.com/2021/08/14/business-card-design-2/index.html]
[sifattechpoint.files.wordpress.com/2021/07/20210710_1220292dff.jpg]
[sifattechpoint.wordpress.com/tag/visiting-card-design/GET]
[sifattechpoint.wordpress.com/tag/visiting-card-design/index.html]
[sifattechpoint.wordpress.com/2021/08/02/august-15-poster-design-1/GET]
[sifattechpoint.wordpress.com/2021/07/10/visiting-card-design-plp/index.html]
[sifattechpoint.wordpress.com/2021/08/02/august-15-poster-design-1/feed/index.html]
[sifattechpoint.wordpress.com/2021/08/02/index.html]
[sifattechpoint.wordpress.com/2021/08/07/index.html]
[sifattechpoint.wordpress.com/2021/08/02/august-15-poster-design-1/index.html]
[sifattechpoint.wordpress.com/2021/08/14/index.html]
[sifattechpoint.wordpress.com/2021/08/16/index.html]
[sifattechpoint.wordpress.com/2021/08/29/index.html]
[sifattechpoint.wordpress.com/2021/08/07/august-15-banner-design-1/index.html]
[sifattechpoint.wordpress.com/2021/08/30/index.html]
[sifattechpoint.wordpress.com/2021/07/index.html]
[sifattechpoint.wordpress.com/tag/15-august-banner-design-2021/GET]
[sifattechpoint.wordpress.com/tag/15-august-banner-design-2021/feed/index.html]
[sifattechpoint.wordpress.com/tag/15-august-banner-design-2021/index.html]
[sifattechpoint.wordpress.com/tag/15-august-poster-design/GET]
[sifattechpoint.wordpress.com/tag/15-august-poster-design/feed/index.html]
[sifattechpoint.wordpress.com/tag/15-august-poster-design/index.html]
[sifattechpoint.wordpress.com/tag/15-august-postet-design-in-pixellab/feed/index.html]
[sifattechpoint.wordpress.com/tag/15-august-postet-design-in-pixellab/GET]
[sifattechpoint.wordpress.com/tag/15-august-postet-design-in-pixellab/index.html]
[sifattechpoint.wordpress.com/tag/august-15-poster-design/GET]
[sifattechpoint.wordpress.com/tag/august-15-poster-design/feed/index.html]
[sifattechpoint.wordpress.com/tag/august-15-poster-design/index.html]
[sifattechpoint.wordpress.com/tag/জাতীয়-শোক-দিবস/index.html]
[sifattechpoint.wordpress.com/tag/জাতীয়-শোক-দিবস-পোষ্টার-ডি/index.html]
[sifattechpoint.wordpress.com/tag/শোক-দিবসের-পোস্টার-ডিজাই/index.html]
[sifattechpoint.wordpress.com/tag/১৫-আগষ্ট-পোষ্টার-ডিজাইন-২-2/index.html]
[sifattechpoint.wordpress.com/tag/১৫-আগষ্ট-পোষ্টার-ডিজাইন-২/index.html]
[sifattechpoint.wordpress.com/tag/১৫-আগস্ট-ব্যানার-ডিজাইন-শ/index.html]
[sifattechpoint.wordpress.com/tag/independence-day-poster-design/feed/index.html]
[sifattechpoint.wordpress.com/tag/independence-day-poster-design/GET]
[sifattechpoint.wordpress.com/tag/independence-day-poster-design/index.html]
[sifattechpoint.wordpress.com/tag/mobile-graphic-design-bangla-tutorial/GET]
[sifattechpoint.wordpress.com/tag/mobile-graphic-design-bangla-tutorial/feed/index.html]
[sifattechpoint.wordpress.com/tag/mobile-graphic-design-bangla-tutorial/index.html]
[sifattechpoint.wordpress.com/tag/plp/feed/index.html]
[sifattechpoint.wordpress.com/2021/07/03/fb-community-tab-poster-design/index.html]
[sifattechpoint.files.wordpress.com/2021/07/20210703_0849132dff.jpg]
[sifattechpoint.wordpress.com/tag/plp/GET]
[sifattechpoint.wordpress.com/tag/thumbnail/index.html]
[sifattechpoint.wordpress.com/tag/plp/index.html]
[sifattechpoint.wordpress.com/tag/poster-design-free-plp/feed/index.html]
[sifattechpoint.wordpress.com/tag/poster-design-free-plp/GET]
[sifattechpoint.wordpress.com/tag/poster-design-free-plp/index.html]
[sifattechpoint.wordpress.com/tag/tech-jakir/feed/index.html]
[sifattechpoint.wordpress.com/tag/tech-jakir/GET]
[sifattechpoint.wordpress.com/tag/tech-jakir/index.html]
[sifattechpoint.wordpress.com/tag/free-plp-file/page/2/GET]
[sifattechpoint.wordpress.com/tag/free-plp-file/page/2/index.html]
[sifattechpoint.wordpress.com/tag/free-plp-file/GET.html]
[sifattechpoint.wordpress.com/2022/07/07/eid-ul-azha-poster-design-3-2/index9a7b.html]
[sifattechpoint.wordpress.com/2022/07/07/eid-ul-azha-poster-design-3-2/index5a58.html]
[sifattechpoint.wordpress.com/2022/07/07/eid-ul-azha-poster-design-3-2/GET.html]
[sifattechpoint.wordpress.com/tag/eid-mubarak-post/GET.html]
[sifattechpoint.wordpress.com/2022/07/03/eid-ul-azha-poster-design-2-2/index9a7b.html]
[sifattechpoint.wordpress.com/2022/07/03/eid-ul-azha-poster-design-2-2/index5a58.html]
[sifattechpoint.wordpress.com/2022/07/03/eid-ul-azha-poster-design-2-2/GET.html]
[sifattechpoint.wordpress.com/2022/07/01/eid-ul-azha-poster-design-1/index9a7b.html]
[sifattechpoint.wordpress.com/2022/07/01/eid-ul-azha-poster-design-1/index5a58.html]
[sifattechpoint.wordpress.com/2022/07/01/eid-ul-azha-poster-design-1/GET.html]
[sifattechpoint.wordpress.com/tag/eid-mubarak-2022/GET.html]
[sifattechpoint.wordpress.com/tag/eid-mubarak-poster-design/GET.html]
[sifattechpoint.wordpress.com/2022/04/26/eid-ul-fitr-poster-design-2/index9a7b.html]
[sifattechpoint.wordpress.com/2022/04/26/eid-ul-fitr-poster-design-2/index5a58.html]
[sifattechpoint.wordpress.com/2022/04/26/eid-ul-fitr-poster-design-2/index5d78.html]
[sifattechpoint.wordpress.com/2022/04/26/eid-ul-fitr-poster-design-2/index61aa.html]
[sifattechpoint.wordpress.com/2022/04/26/eid-ul-fitr-poster-design-2/indexd125.html]
[sifattechpoint.wordpress.com/2022/04/26/eid-ul-fitr-poster-design-2/indexc916.html]
[sifattechpoint.wordpress.com/2022/04/26/eid-ul-fitr-poster-design-2/indexde94.html]
[sifattechpoint.wordpress.com/2022/04/26/eid-ul-fitr-poster-design-2/index5785.html]
[sifattechpoint.wordpress.com/2022/04/14/GET]
[sifattechpoint.wordpress.com/2022/04/14/index.html]
[sifattechpoint.wordpress.com/2022/04/26/GET]
[sifattechpoint.wordpress.com/2022/04/26/index.html]
[sifattechpoint.wordpress.com/2022/03/GET]
[sifattechpoint.wordpress.com/2022/03/index.html]
[sifattechpoint.wordpress.com/2022/04/26/eid-ul-fitr-poster-design-2/GET.html]
[sifattechpoint.wordpress.com/2022/04/14/eid-mubarak-poster-design-2/index9a7b.html]
[sifattechpoint.wordpress.com/2022/04/14/eid-mubarak-poster-design-2/index5a58.html]
[sifattechpoint.wordpress.com/2022/04/14/eid-mubarak-poster-design-2/indexb641.html]
[sifattechpoint.wordpress.com/2022/04/14/eid-mubarak-poster-design-2/indexdefb.html]
[sifattechpoint.wordpress.com/2022/04/14/eid-mubarak-poster-design-2/indexbdf8.html]
[sifattechpoint.wordpress.com/2022/04/14/eid-mubarak-poster-design-2/index6d69.html]
[sifattechpoint.wordpress.com/2022/04/14/eid-mubarak-poster-design-2/indexf05e.html]
[sifattechpoint.wordpress.com/2022/04/14/eid-mubarak-poster-design-2/index3d09.html]
[sifattechpoint.wordpress.com/2022/04/14/eid-mubarak-poster-design-2/index67d0.html]
[sifattechpoint.wordpress.com/2022/04/14/eid-mubarak-poster-design-2/index2636.html]
[sifattechpoint.wordpress.com/2022/04/14/eid-mubarak-poster-design-2/index51d0.html]
[sifattechpoint.wordpress.com/2022/04/14/eid-mubarak-poster-design-2/indexb901.html]
[sifattechpoint.wordpress.com/2022/04/14/eid-mubarak-poster-design-2/indexd5f9.html]
[sifattechpoint.wordpress.com/2022/04/14/eid-mubarak-poster-design-2/indexbed3.html]
[sifattechpoint.wordpress.com/2022/04/14/eid-mubarak-poster-design-2/GET.html]
[sifattechpoint.wordpress.com/2022/03/23/independence-day-poster-design-2/index9a7b.html]
[sifattechpoint.wordpress.com/2022/03/23/independence-day-poster-design-2/index5a58.html]
[sifattechpoint.wordpress.com/2022/03/08/GET]
[sifattechpoint.wordpress.com/2022/03/08/index.html]
[sifattechpoint.wordpress.com/2022/03/23/GET]
[sifattechpoint.wordpress.com/2022/03/23/index.html]
[sifattechpoint.wordpress.com/2022/02/GET]
[sifattechpoint.wordpress.com/2022/02/index.html]
[sifattechpoint.wordpress.com/2022/03/23/independence-day-poster-design-2/GET.html]
[sifattechpoint.wordpress.com/2022/03/08/17-march-poster-design-1/index9a7b.html]
[sifattechpoint.wordpress.com/2022/03/08/17-march-poster-design-1/index5a58.html]
[sifattechpoint.wordpress.com/2022/03/08/17-march-poster-design-1/GET.html]
[sifattechpoint.wordpress.com/tag/17-march-poster-design/GET.html]
[sifattechpoint.wordpress.com/2022/02/25/26th-march-poster-design-1/index9a7b.html]
[sifattechpoint.wordpress.com/2022/02/25/26th-march-poster-design-1/index5a58.html]
[sifattechpoint.wordpress.com/2022/02/16/ekushey-february-poster-design-3/feed/index.html]
[sifattechpoint.wordpress.com/2022/02/16/ekushey-february-poster-design-3/GET.15f.delayed]
[sifattechpoint.wordpress.com/2022/02/16/ekushey-february-poster-design-3/indexc65f.html]
[sifattechpoint.wordpress.com/2022/02/16/ekushey-february-poster-design-3/indexb951.html]
[sifattechpoint.wordpress.com/2022/02/16/ekushey-february-poster-design-3/index63ee.html]
[sifattechpoint.wordpress.com/2022/02/16/ekushey-february-poster-design-3/index06ab.html]
[sifattechpoint.wordpress.com/2022/02/16/ekushey-february-poster-design-3/index.html]
[sifattechpoint.wordpress.com/2022/02/25/26th-march-poster-design-1/indexa9de.html]
[sifattechpoint.wordpress.com/2022/02/25/26th-march-poster-design-1/indexfaf1.html]
[sifattechpoint.wordpress.com/2022/02/25/26th-march-poster-design-1/index4bf8.html]
[sifattechpoint.wordpress.com/2022/02/25/26th-march-poster-design-1/index1dff.html]
[sifattechpoint.wordpress.com/2022/02/25/26th-march-poster-design-1/indexd14a.html]
[sifattechpoint.wordpress.com/2022/02/25/26th-march-poster-design-1/index2320.html]
[sifattechpoint.wordpress.com/2022/02/25/26th-march-poster-design-1/indexbfaf.html]
[sifattechpoint.wordpress.com/2022/02/25/26th-march-poster-design-1/index094c.html]
[sifattechpoint.wordpress.com/2022/02/25/26th-march-poster-design-1/indexda4f.html]
[sifattechpoint.wordpress.com/2022/02/25/26th-march-poster-design-1/index7c98.html]
[sifattechpoint.wordpress.com/2022/02/25/26th-march-poster-design-1/index747a.html]
[sifattechpoint.wordpress.com/2022/02/25/26th-march-poster-design-1/indexec27.html]
[sifattechpoint.wordpress.com/2022/02/06/GET]
[sifattechpoint.wordpress.com/2022/02/06/index.html]
[sifattechpoint.wordpress.com/2022/02/13/GET]
[sifattechpoint.wordpress.com/2022/02/13/index.html]
[sifattechpoint.wordpress.com/2022/02/16/GET]
[sifattechpoint.wordpress.com/2022/02/16/index.html]
[sifattechpoint.wordpress.com/2022/02/25/GET]
[sifattechpoint.wordpress.com/2022/02/25/index.html]
[sifattechpoint.wordpress.com/2022/01/GET]
[sifattechpoint.wordpress.com/2022/01/index.html]
[sifattechpoint.wordpress.com/2022/02/25/26th-march-poster-design-1/GET.html]
[sifattechpoint.wordpress.com/2022/02/06/ekushey-february-poster-design-2/feed/index.html]
[sifattechpoint.wordpress.com/2022/02/06/ekushey-february-poster-design-2/GET]
[sifattechpoint.wordpress.com/2022/02/06/ekushey-february-poster-design-2/index5a86.html]
[sifattechpoint.wordpress.com/2022/02/06/ekushey-february-poster-design-2/indexd7a8.html]
[sifattechpoint.wordpress.com/2022/02/06/ekushey-february-poster-design-2/index745d.html]
[sifattechpoint.wordpress.com/2022/02/06/ekushey-february-poster-design-2/index.html]
[sifattechpoint.wordpress.com/tag/২১শে-ফেব্রুয়ারি-পোস্টার/index.html]
[sifattechpoint.wordpress.com/2022/01/28/ekushey-february-banner-design-free-plp-01/GET]
[sifattechpoint.wordpress.com/2022/02/06/ekushey-february-poster-design-2/index6d25.html]
[sifattechpoint.wordpress.com/2022/01/28/ekushey-february-banner-design-free-plp-01/feed/index.html]
[sifattechpoint.wordpress.com/2022/01/28/ekushey-february-banner-design-free-plp-01/index.html]
[sifattechpoint.wordpress.com/tag/একুশে-ফেব্রুয়ারির-২০২২/index.html]
[sifattechpoint.wordpress.com/2021/12/25/happy-new-year-poster-design-01/GET]
[sifattechpoint.wordpress.com/2021/12/25/happy-new-year-poster-design-01/feed/index.html]
[sifattechpoint.wordpress.com/2021/12/25/happy-new-year-poster-design-01/index.html]
[sifattechpoint.wordpress.com/tag/happy-new-year-poster-design/GET]
[sifattechpoint.wordpress.com/tag/happy-new-year-poster-design/feed/index.html]
[sifattechpoint.wordpress.com/tag/happy-new-year-poster-design/index.html]
[sifattechpoint.wordpress.com/2021/12/22/poster-design-in-selection-03/feed/index.html]
[sifattechpoint.wordpress.com/2021/12/22/poster-design-in-selection-03/GET]
[sifattechpoint.wordpress.com/2021/12/22/poster-design-in-selection-03/index.html]
[sifattechpoint.wordpress.com/tag/চেয়ারম্যান-মেম্বার-নির্/index.html]
[sifattechpoint.wordpress.com/tag/নির্বাচনে-পোস্টার-ডিজাইন/index.html]
[sifattechpoint.wordpress.com/2021/12/06/victory-day-poster-design-01/GET]
[sifattechpoint.wordpress.com/2021/12/06/victory-day-poster-design-01/feed/index.html]
[sifattechpoint.wordpress.com/2021/12/06/victory-day-poster-design-01/index361f.html]
[sifattechpoint.wordpress.com/2021/12/06/victory-day-poster-design-01/index94a5.html]
[sifattechpoint.wordpress.com/2021/12/06/victory-day-poster-design-01/indexa5ca.html]
[sifattechpoint.wordpress.com/2021/12/06/victory-day-poster-design-01/indexfc06.html]
[sifattechpoint.wordpress.com/2021/12/06/victory-day-poster-design-01/index.html]
[sifattechpoint.wordpress.com/tag/বিজয়-দিবসের-পোস্টার/index.html]
[sifattechpoint.files.wordpress.com/2021/08/20210830_1520562dff.jpg]
[sifattechpoint.wordpress.com/2021/08/29/id-card-design-1/index.html]
[sifattechpoint.files.wordpress.com/2021/08/20210829_1149442dff.jpg]
[sifattechpoint.files.wordpress.com/2021/08/20210816_1341012dff.jpg]
[sifattechpoint.wordpress.com/tag/id-card-design/index.html]
[sifattechpoint.files.wordpress.com/2021/08/20210807_0953252dff.jpg]
[sifattechpoint.wordpress.com/tag/মৃত্যু-স্মরণিকা-ডিজাইন/index.html]
[sifattechpoint.wordpress.com/page/3/GET.19f.delayed]
[sifattechpoint.wordpress.com/2021/08/16/mittu-soronika-design-1/index.html]
[sifattechpoint.wordpress.com/page/4/index.html]
[sifattechpoint.wordpress.com/page/3/index.html]
[sifattechpoint.wordpress.com/page/2/GET.html]
[sifattechpoint.wordpress.com/2022/12/GET.html]
[sifattechpoint.wordpress.com/2021/10/10/poster-design-in-selection-plp/index9a7b.html]
[sifattechpoint.wordpress.com/2021/10/10/poster-design-in-selection-plp/index5a58.html]
[sifattechpoint.wordpress.com/2021/10/10/GET]
[sifattechpoint.wordpress.com/2021/10/10/index.html]
[sifattechpoint.wordpress.com/2021/10/31/GET]
[sifattechpoint.wordpress.com/2021/10/31/index.html]
[sifattechpoint.wordpress.com/2021/09/GET]
[sifattechpoint.wordpress.com/2021/09/index.html]
[sifattechpoint.wordpress.com/tag/mittu-soronika/index.html]
[sifattechpoint.wordpress.com/2021/12/GET]
[sifattechpoint.wordpress.com/tag/pixellab-tutorial-bangla/index.html]
[sifattechpoint.wordpress.com/2021/12/index.html]
[sifattechpoint.wordpress.com/2021/10/10/poster-design-in-selection-plp/GET.html]
[sifattechpoint.wordpress.com/2021/10/31/poster-design-in-selection-plp-02/index9a7b.html]
[sifattechpoint.wordpress.com/2021/10/31/poster-design-in-selection-plp-02/index5a58.html]
[sifattechpoint.wordpress.com/2021/10/31/poster-design-in-selection-plp-02/GET.html]
[sifattechpoint.wordpress.com/2021/09/24/visiting-card-design-plp2/index9a7b.html]
[sifattechpoint.wordpress.com/2021/09/24/visiting-card-design-plp2/index5a58.html]
[sifattechpoint.wordpress.com/2021/08/30/birth-memoir-design-1/feed/index.html]
[sifattechpoint.wordpress.com/2021/08/30/birth-memoir-design-1/GET]
[sifattechpoint.wordpress.com/2021/08/30/birth-memoir-design-1/index.html]
[sifattechpoint.wordpress.com/2021/09/24/GET]
[sifattechpoint.wordpress.com/2021/09/24/index.html]
[sifattechpoint.wordpress.com/2021/08/GET]
[sifattechpoint.wordpress.com/2021/08/index.html]
[sifattechpoint.wordpress.com/2021/10/GET]
[sifattechpoint.wordpress.com/2021/10/index.html]
[sifattechpoint.wordpress.com/2021/09/24/visiting-card-design-plp2/GET.html]
[sifattechpoint.wordpress.com/category/free-plp/page/4/index.html]
[sifattechpoint.wordpress.com/category/free-plp/page/3/GET]
[sifattechpoint.wordpress.com/category/free-plp/page/3/index.html]
[sifattechpoint.wordpress.com/category/free-plp/page/2/GET.html]
[sifattechpoint.wordpress.com/2022/02/13/ekushey-february-banner-design-2/index9a7b.html]
[sifattechpoint.wordpress.com/2022/02/13/ekushey-february-banner-design-2/index5a58.html]
[sifattechpoint.wordpress.com/2022/02/13/ekushey-february-banner-design-2/GET.html]
[sifattechpoint.files.wordpress.com/2021/06/20210623_145421-12dff.jpg]
[sifattechpoint.wordpress.com/tag/free-plp/page/3/GET.1be.delayed]
[sifattechpoint.wordpress.com/tag/free-plp/page/3/index.html]
[sifattechpoint.wordpress.com/tag/free-plp/page/2/GET.html]
[sifattechpoint.wordpress.com/2022/12/21/GET.html]
[sifattechpoint.wordpress.com/2022/07/GET.html]
[sifattechpoint.wordpress.com/author/sifattechpoint/page/3/GET]
[sifattechpoint.wordpress.com/author/sifattechpoint/page/4/index.html]
[sifattechpoint.wordpress.com/author/sifattechpoint/page/3/index.html]
[sifattechpoint.wordpress.com/author/sifattechpoint/page/2/GET.html]
[sifattechpoint.wordpress.com/2021/12/25/happy-new-year-poster-design-02/index9a7b.html]
[sifattechpoint.wordpress.com/2021/12/25/happy-new-year-poster-design-02/index5a58.html]
[sifattechpoint.wordpress.com/2021/12/25/happy-new-year-poster-design-02/index4c2b.html]
[sifattechpoint.wordpress.com/2021/12/25/happy-new-year-poster-design-02/index04d3.html]
[sifattechpoint.wordpress.com/2021/12/25/happy-new-year-poster-design-02/index23d1.html]
[sifattechpoint.wordpress.com/2021/06/23/eid-ul-azha-poster-design-plp-1/index.html]
[sifattechpoint.wordpress.com/2021/12/25/happy-new-year-poster-design-02/indexfa40.html]
[sifattechpoint.wordpress.com/tag/ঈদুল-আজহার-পোস্টার-ডিজাই/index.html]
[sifattechpoint.wordpress.com/2021/12/25/happy-new-year-poster-design-02/indexbc88.html]
[sifattechpoint.wordpress.com/2021/12/25/happy-new-year-poster-design-02/index360b.html]
[sifattechpoint.wordpress.com/2021/12/25/happy-new-year-poster-design-02/indexe91f.html]
[sifattechpoint.wordpress.com/2021/12/25/happy-new-year-poster-design-02/index8528.html]
[sifattechpoint.wordpress.com/2021/12/06/GET]
[sifattechpoint.wordpress.com/2021/12/06/index.html]
[sifattechpoint.wordpress.com/2021/12/22/GET]
[sifattechpoint.wordpress.com/2021/12/22/index.html]
[sifattechpoint.wordpress.com/2021/12/25/GET]
[sifattechpoint.wordpress.com/2021/12/25/index.html]
[sifattechpoint.wordpress.com/2021/12/25/happy-new-year-poster-design-02/GET.html]
[sifattechpoint.wordpress.com/tag/pixellab-poster-design/page/3/GET]
[sifattechpoint.wordpress.com/tag/pixellab-poster-design/page/3/index.html]
[sifattechpoint.wordpress.com/tag/pixellab-poster-design/page/2/GET.html]
[sifattechpoint.wordpress.com/tag/sifat-tech-point/page/3/GET]
[sifattechpoint.wordpress.com/tag/sifat-tech-point/page/3/index.html]
[sifattechpoint.wordpress.com/tag/sifat-tech-point/page/2/GET.html]
[sifattechpoint.wordpress.com/2022/07/01/GET.html]
[sifattechpoint.wordpress.com/2022/07/03/GET.html]
[sifattechpoint.wordpress.com/2022/07/07/GET.html]
[sifattechpoint.wordpress.com/2022/07/08/GET.html]
[sifattechpoint.wordpress.com/2022/04/GET.html]
[sifattechpoint.wordpress.com/tag/ঈদুল-আজহার-পোস্টার-ডিজাই-2/feed/index.html]
[sifattechpoint.wordpress.com/2021/07/14/eid-ul-azha-poster-design-3/feed/index.html]
[sifattechpoint.wordpress.com/2021/07/03/index.html]
[sifattechpoint.wordpress.com/2021/07/10/index.html]
[sifattechpoint.wordpress.com/2021/07/14/index.html]
[sifattechpoint.wordpress.com/2021/06/index.html]
[sifattechpoint.wordpress.com/2021/07/14/eid-ul-azha-poster-design-3/GET.1e3.delayed]
[sifattechpoint.wordpress.com/2021/07/14/eid-ul-azha-poster-design-3/index.html]
[sifattechpoint.wordpress.com/2021/06/29/eid-ul-azha-poster-design-2/GET]
[sifattechpoint.wordpress.com/2021/06/08/index.html]
[sifattechpoint.wordpress.com/2021/06/29/eid-ul-azha-poster-design-2/feed/index.html]
[sifattechpoint.wordpress.com/2021/06/16/index.html]
[sifattechpoint.wordpress.com/2021/06/29/index.html]
[sifattechpoint.wordpress.com/2021/05/index.html]
[sifattechpoint.wordpress.com/2021/06/29/eid-ul-azha-poster-design-2/index.html]
[sifattechpoint.wordpress.com/tag/ঈদুল-আজহার-পোস্টার-ডিজাই-2/GET.html]
[sifattechpoint.wordpress.com/2022/01/03/ekushey-february-poster-plp-01/index9a7b.html]
[sifattechpoint.wordpress.com/2022/01/03/ekushey-february-poster-plp-01/index5a58.html]
[sifattechpoint.wordpress.com/2022/01/03/ekushey-february-poster-plp-01/indexa7a7.html]
[sifattechpoint.wordpress.com/2022/01/03/ekushey-february-poster-plp-01/index6f0d.html]
[sifattechpoint.wordpress.com/2021/06/23/index.html]
[sifattechpoint.wordpress.com/2022/01/03/ekushey-february-poster-plp-01/index7659.html]
[sifattechpoint.wordpress.com/2022/01/03/ekushey-february-poster-plp-01/indexa79a.html]
[sifattechpoint.wordpress.com/2022/01/03/ekushey-february-poster-plp-01/indexe5eb.html]
[sifattechpoint.wordpress.com/2022/01/03/ekushey-february-poster-plp-01/indexb621.html]
[sifattechpoint.wordpress.com/2022/01/03/GET]
[sifattechpoint.wordpress.com/2022/01/03/index.html]
[sifattechpoint.wordpress.com/2022/01/28/GET]
[sifattechpoint.wordpress.com/2022/01/28/index.html]
[sifattechpoint.wordpress.com/2022/01/03/ekushey-february-poster-plp-01/GET.html]
[sifattechpoint.wordpress.com/tag/21-february-poster/GET.html]
[sifattechpoint.wordpress.com/tag/poster/GET.html]
[sifattechpoint.wordpress.com/2021/08/14/business-card-design-2/feed/index.html]
[sifattechpoint.wordpress.com/2021/08/14/business-card-design-2/GET]
[sifattechpoint.wordpress.com/2021/08/14/business-card-design-2/index.html]
[sifattechpoint.wordpress.com/2021/07/10/visiting-card-design-plp/GET]
[sifattechpoint.wordpress.com/2021/07/10/visiting-card-design-plp/feed/index.html]
[sifattechpoint.wordpress.com/2021/07/10/visiting-card-design-plp/index.html]
[sifattechpoint.wordpress.com/tag/visiting-card-design/GET.html]
[sifattechpoint.wordpress.com/2021/08/02/august-15-poster-design-1/index9a7b.html]
[sifattechpoint.wordpress.com/2021/08/02/august-15-poster-design-1/index5a58.html]
[sifattechpoint.wordpress.com/2021/08/07/august-15-banner-design-1/GET]
[sifattechpoint.wordpress.com/2021/08/07/august-15-banner-design-1/feed/index.html]
[sifattechpoint.wordpress.com/2021/08/07/august-15-banner-design-1/index.html]
[sifattechpoint.wordpress.com/2021/08/02/GET]
[sifattechpoint.wordpress.com/2021/08/02/index.html]
[sifattechpoint.wordpress.com/2021/08/07/GET]
[sifattechpoint.wordpress.com/2021/08/07/index.html]
[sifattechpoint.wordpress.com/2021/08/14/GET]
[sifattechpoint.wordpress.com/2021/08/14/index.html]
[sifattechpoint.wordpress.com/2021/08/16/GET]
[sifattechpoint.wordpress.com/2021/08/16/index.html]
[sifattechpoint.wordpress.com/2021/08/29/GET]
[sifattechpoint.wordpress.com/2021/08/29/index.html]
[sifattechpoint.wordpress.com/2021/08/30/GET]
[sifattechpoint.wordpress.com/2021/08/30/index.html]
[sifattechpoint.wordpress.com/2021/07/GET]
[sifattechpoint.wordpress.com/2021/07/index.html]
[sifattechpoint.wordpress.com/2021/08/02/august-15-poster-design-1/GET.html]
[sifattechpoint.wordpress.com/tag/15-august-banner-design-2021/GET.html]
[sifattechpoint.wordpress.com/tag/15-august-poster-design/GET.html]
[sifattechpoint.wordpress.com/tag/15-august-postet-design-in-pixellab/GET.html]
[sifattechpoint.wordpress.com/tag/august-15-poster-design/GET.html]
[sifattechpoint.wordpress.com/tag/independence-day-poster-design/GET.html]
[sifattechpoint.wordpress.com/tag/mobile-graphic-design-bangla-tutorial/GET.html]
[sifattechpoint.wordpress.com/2021/07/03/fb-community-tab-poster-design/GET.219.delayed]
[sifattechpoint.wordpress.com/2021/07/03/fb-community-tab-poster-design/feed/index.html]
[sifattechpoint.wordpress.com/2021/07/03/fb-community-tab-poster-design/index.html]
[sifattechpoint.wordpress.com/tag/thumbnail/feed/index.html]
[sifattechpoint.wordpress.com/tag/thumbnail/GET]
[sifattechpoint.wordpress.com/tag/thumbnail/index.html]
[sifattechpoint.wordpress.com/tag/plp/GET.html]
[sifattechpoint.wordpress.com/tag/poster-design-free-plp/GET.html]
[sifattechpoint.wordpress.com/tag/tech-jakir/GET.html]
[sifattechpoint.wordpress.com/tag/free-plp-file/page/2/GET.html]
[sifattechpoint.wordpress.com/2022/04/14/GET.html]
[sifattechpoint.wordpress.com/2022/04/26/GET.html]
[sifattechpoint.wordpress.com/2022/03/GET.html]
[sifattechpoint.wordpress.com/2022/03/08/GET.html]
[sifattechpoint.wordpress.com/2022/03/23/GET.html]
[sifattechpoint.wordpress.com/2022/02/GET.html]
[sifattechpoint.wordpress.com/2022/02/16/ekushey-february-poster-design-3/index9a7b.html]
[sifattechpoint.wordpress.com/2022/02/16/ekushey-february-poster-design-3/index5a58.html]
[sifattechpoint.wordpress.com/2022/02/16/ekushey-february-poster-design-3/indexc65f.html]
[sifattechpoint.wordpress.com/2022/02/16/ekushey-february-poster-design-3/indexb951.html]
[sifattechpoint.wordpress.com/2022/02/16/ekushey-february-poster-design-3/index63ee.html]
[sifattechpoint.wordpress.com/2022/02/16/ekushey-february-poster-design-3/index06ab.html]
[sifattechpoint.wordpress.com/2022/02/16/ekushey-february-poster-design-3/GET.html]
[sifattechpoint.wordpress.com/2022/02/06/GET.html]
[sifattechpoint.wordpress.com/2022/02/13/GET.html]
[sifattechpoint.wordpress.com/2022/02/16/GET.html]
[sifattechpoint.wordpress.com/2022/02/25/GET.html]
[sifattechpoint.wordpress.com/2022/01/GET.html]
[sifattechpoint.wordpress.com/2022/02/06/ekushey-february-poster-design-2/index9a7b.html]
[sifattechpoint.wordpress.com/2022/02/06/ekushey-february-poster-design-2/index5a58.html]
[sifattechpoint.wordpress.com/2022/02/06/ekushey-february-poster-design-2/index6d25.html]
[sifattechpoint.wordpress.com/2022/02/06/ekushey-february-poster-design-2/index5a86.html]
[sifattechpoint.wordpress.com/2022/02/06/ekushey-february-poster-design-2/indexd7a8.html]
[sifattechpoint.wordpress.com/2022/02/06/ekushey-february-poster-design-2/index745d.html]
[sifattechpoint.wordpress.com/2022/02/06/ekushey-february-poster-design-2/GET.html]
[sifattechpoint.wordpress.com/2022/01/28/ekushey-february-banner-design-free-plp-01/index9a7b.html]
[sifattechpoint.wordpress.com/2022/01/28/ekushey-february-banner-design-free-plp-01/index5a58.html]
[sifattechpoint.wordpress.com/2022/01/28/ekushey-february-banner-design-free-plp-01/GET.html]
[sifattechpoint.wordpress.com/2021/12/25/happy-new-year-poster-design-01/index9a7b.html]
[sifattechpoint.wordpress.com/2021/12/25/happy-new-year-poster-design-01/index5a58.html]
[sifattechpoint.wordpress.com/2021/12/25/happy-new-year-poster-design-01/GET.html]
[sifattechpoint.wordpress.com/tag/happy-new-year-poster-design/GET.html]
[sifattechpoint.wordpress.com/2021/12/22/poster-design-in-selection-03/index9a7b.html]
[sifattechpoint.wordpress.com/2021/12/22/poster-design-in-selection-03/index5a58.html]
[sifattechpoint.wordpress.com/2021/12/22/poster-design-in-selection-03/GET.html]
[sifattechpoint.wordpress.com/2021/12/06/victory-day-poster-design-01/index9a7b.html]
[sifattechpoint.wordpress.com/2021/12/06/victory-day-poster-design-01/index5a58.html]
[sifattechpoint.wordpress.com/2021/12/06/victory-day-poster-design-01/index361f.html]
[sifattechpoint.wordpress.com/2021/12/06/victory-day-poster-design-01/index94a5.html]
[sifattechpoint.wordpress.com/2021/12/06/victory-day-poster-design-01/indexa5ca.html]
[sifattechpoint.wordpress.com/2021/12/06/victory-day-poster-design-01/indexfc06.html]
[sifattechpoint.wordpress.com/2021/12/06/victory-day-poster-design-01/GET.html]
[sifattechpoint.wordpress.com/2021/08/29/id-card-design-1/feed/index.html]
[sifattechpoint.wordpress.com/2021/08/29/id-card-design-1/GET.237.delayed]
[sifattechpoint.wordpress.com/2021/08/29/id-card-design-1/index.html]
[sifattechpoint.wordpress.com/tag/id-card-design/feed/index.html]
[sifattechpoint.wordpress.com/tag/id-card-design/GET]
[sifattechpoint.wordpress.com/tag/id-card-design/index.html]
[sifattechpoint.wordpress.com/2021/08/16/mittu-soronika-design-1/GET.23d.delayed]
[sifattechpoint.wordpress.com/2021/08/16/mittu-soronika-design-1/feed/index.html]
[sifattechpoint.wordpress.com/2021/08/16/mittu-soronika-design-1/index.html]
[sifattechpoint.wordpress.com/tag/মৃত্যু-স্মরণিকা-ডিজাইন/index.html]
[sifattechpoint.wordpress.com/tag/mittu-soronika/GET]
[sifattechpoint.wordpress.com/tag/mittu-soronika/feed/index.html]
[sifattechpoint.wordpress.com/tag/mittu-soronika/index.html]
[sifattechpoint.wordpress.com/tag/pixellab-tutorial-bangla/feed/index.html]
[sifattechpoint.wordpress.com/tag/pixellab-tutorial-bangla/GET]
[sifattechpoint.wordpress.com/tag/pixellab-tutorial-bangla/index.html]
[sifattechpoint.wordpress.com/2021/06/16/brikko-rupon-kormosuchi-banner-design-plp/index.html]
[sifattechpoint.files.wordpress.com/2021/06/20210615_210954-12dff.jpg]
[sifattechpoint.wordpress.com/2021/06/08/professional-business-card-design-plp/index.html]
[sifattechpoint.files.wordpress.com/2021/06/e0a7a8e0a7a6e0a7a8e0a7a7e0a7a6e0a7ace0a7a6e0a7ae_e0a7a7e0a7a8e0a7abe0a7aae0a7a9e0a7ad2dff.jpg]
[sifattechpoint.files.wordpress.com/2021/05/e0a7a8e0a7a6e0a7a8e0a7a7e0a7a6e0a7abe0a7a7e0a7a9_e0a7a6e0a7afe0a7abe0a7aee0a7a7e0a7aa2dff.jpg]
[sifattechpoint.wordpress.com/2021/05/13/eid-ul-fitr-poster-design-4/index.html]
[sifattechpoint.files.wordpress.com/2021/05/e0a7a8e0a7a6e0a7a8e0a7a7e0a7a6e0a7abe0a7a6e0a7ab_e0a7a8e0a7a8e0a7aae0a7aee0a7a9e0a7aa2dff.jpg]
[sifattechpoint.wordpress.com/2021/05/06/eid-ul-fitr-banner-design-1/index.html]
[sifattechpoint.files.wordpress.com/2021/05/20210430_1549272dff.jpg]
[sifattechpoint.files.wordpress.com/2021/04/20210427_2302173f4d.jpg]
[sifattechpoint.wordpress.com/2021/05/01/eid-ul-fitr-poster-design-3/index.html]
[sifattechpoint.files.wordpress.com/2021/05/20210501_0432326410.jpg]
[sifattechpoint.wordpress.com/2021/04/29/eid-al-fitr-poster-design-plp-2/index.html]
[sifattechpoint.wordpress.com/page/4/GET]
[sifattechpoint.wordpress.com/page/4/index.html]
[sifattechpoint.wordpress.com/page/3/GET.html]
[sifattechpoint.wordpress.com/2021/10/10/GET.html]
[sifattechpoint.wordpress.com/2021/10/31/GET.html]
[sifattechpoint.wordpress.com/2021/09/GET.html]
[sifattechpoint.wordpress.com/2021/12/GET.html]
[sifattechpoint.wordpress.com/2021/08/30/birth-memoir-design-1/index9a7b.html]
[sifattechpoint.wordpress.com/2021/08/30/birth-memoir-design-1/index5a58.html]
[sifattechpoint.wordpress.com/2021/08/30/birth-memoir-design-1/GET.html]
[sifattechpoint.wordpress.com/2021/09/24/GET.html]
[sifattechpoint.wordpress.com/2021/08/GET.html]
[sifattechpoint.wordpress.com/2021/10/GET.html]
[sifattechpoint.files.wordpress.com/2021/04/20210419_042455-1cea3.jpg]
[sifattechpoint.wordpress.com/2021/04/23/eid-mubarak-poster-design-plp-1/index.html]
[sifattechpoint.wordpress.com/category/free-plp/page/5/index.html]
[sifattechpoint.wordpress.com/2021/04/19/ramadan-calendar-2021-plp-1/index.html]
[sifattechpoint.wordpress.com/category/free-plp/page/4/GET]
[sifattechpoint.wordpress.com/category/free-plp/page/4/index.html]
[sifattechpoint.wordpress.com/category/free-plp/page/3/GET.html]
[sifattechpoint.wordpress.com/2021/06/23/eid-ul-azha-poster-design-plp-1/GET.254.delayed]
[sifattechpoint.wordpress.com/page/5/index.html]
[sifattechpoint.wordpress.com/2021/06/23/eid-ul-azha-poster-design-plp-1/feed/index.html]
[sifattechpoint.wordpress.com/2021/06/23/eid-ul-azha-poster-design-plp-1/index.html]
[sifattechpoint.wordpress.com/tag/ঈদুল-আজহার-পোস্টার-ডিজাই/index.html]
[sifattechpoint.wordpress.com/tag/free-plp/page/3/GET.html]
[sifattechpoint.wordpress.com/author/sifattechpoint/page/5/index.html]
[sifattechpoint.wordpress.com/author/sifattechpoint/page/4/GET]
[sifattechpoint.wordpress.com/author/sifattechpoint/page/4/index.html]
[sifattechpoint.wordpress.com/author/sifattechpoint/page/3/GET.html]
[sifattechpoint.wordpress.com/2021/12/06/GET.html]
[sifattechpoint.wordpress.com/2021/12/22/GET.html]
[sifattechpoint.wordpress.com/2021/12/25/GET.html]
[sifattechpoint.wordpress.com/tag/pixellab-poster-design/page/3/GET.html]
[sifattechpoint.wordpress.com/tag/sifat-tech-point/page/3/GET.html]
[sifattechpoint.wordpress.com/2021/07/14/eid-ul-azha-poster-design-3/index9a7b.html]
[sifattechpoint.wordpress.com/2021/07/14/eid-ul-azha-poster-design-3/index5a58.html]
[sifattechpoint.wordpress.com/2021/07/03/GET]
[sifattechpoint.wordpress.com/2021/07/03/index.html]
[sifattechpoint.wordpress.com/2021/07/10/GET]
[sifattechpoint.wordpress.com/2021/07/10/index.html]
[sifattechpoint.wordpress.com/2021/07/14/GET]
[sifattechpoint.wordpress.com/2021/07/14/index.html]
[sifattechpoint.wordpress.com/2021/06/GET.263.delayed]
[sifattechpoint.wordpress.com/2021/06/index.html]
[sifattechpoint.wordpress.com/2021/07/14/eid-ul-azha-poster-design-3/GET.html]
[sifattechpoint.wordpress.com/2021/06/29/eid-ul-azha-poster-design-2/index9a7b.html]
[sifattechpoint.wordpress.com/2021/06/29/eid-ul-azha-poster-design-2/index5a58.html]
[sifattechpoint.wordpress.com/2021/06/08/GET]
[sifattechpoint.wordpress.com/2021/06/08/index.html]
[sifattechpoint.wordpress.com/2021/06/16/GET]
[sifattechpoint.wordpress.com/2021/06/16/index.html]
[sifattechpoint.wordpress.com/2021/06/23/GET]
[sifattechpoint.wordpress.com/2021/06/23/index.html]
[sifattechpoint.wordpress.com/2021/06/29/GET]
[sifattechpoint.wordpress.com/2021/06/29/index.html]
[sifattechpoint.wordpress.com/2021/05/GET]
[sifattechpoint.wordpress.com/2021/05/06/index.html]
[sifattechpoint.wordpress.com/2021/05/13/index.html]
[sifattechpoint.wordpress.com/2021/05/01/index.html]
[sifattechpoint.wordpress.com/2021/04/index.html]
[sifattechpoint.wordpress.com/2021/05/index.html]
[sifattechpoint.wordpress.com/2021/06/29/eid-ul-azha-poster-design-2/GET.html]
[sifattechpoint.wordpress.com/2022/01/03/GET.html]
[sifattechpoint.wordpress.com/2022/01/28/GET.html]
[sifattechpoint.wordpress.com/2021/08/14/business-card-design-2/index9a7b.html]
[sifattechpoint.wordpress.com/2021/08/14/business-card-design-2/index5a58.html]
[sifattechpoint.wordpress.com/2021/08/14/business-card-design-2/GET.html]
[sifattechpoint.wordpress.com/2021/07/10/visiting-card-design-plp/index9a7b.html]
[sifattechpoint.wordpress.com/2021/07/10/visiting-card-design-plp/index5a58.html]
[sifattechpoint.wordpress.com/2021/07/10/visiting-card-design-plp/GET.html]
[sifattechpoint.wordpress.com/2021/08/07/august-15-banner-design-1/index9a7b.html]
[sifattechpoint.wordpress.com/2021/08/07/august-15-banner-design-1/index5a58.html]
[sifattechpoint.wordpress.com/2021/08/07/august-15-banner-design-1/GET.html]
[sifattechpoint.wordpress.com/2021/08/02/GET.html]
[sifattechpoint.wordpress.com/2021/08/07/GET.html]
[sifattechpoint.wordpress.com/2021/08/14/GET.html]
[sifattechpoint.wordpress.com/2021/08/16/GET.html]
[sifattechpoint.wordpress.com/2021/08/29/GET.html]
[sifattechpoint.wordpress.com/2021/08/30/GET.html]
[sifattechpoint.wordpress.com/2021/07/GET.html]
[sifattechpoint.wordpress.com/2021/07/03/fb-community-tab-poster-design/index9a7b.html]
[sifattechpoint.wordpress.com/2021/07/03/fb-community-tab-poster-design/index5a58.html]
[sifattechpoint.wordpress.com/2021/07/03/fb-community-tab-poster-design/GET.html]
[sifattechpoint.wordpress.com/tag/thumbnail/GET.html]
[sifattechpoint.wordpress.com/2021/08/29/id-card-design-1/index9a7b.html]
[sifattechpoint.wordpress.com/2021/08/29/id-card-design-1/index5a58.html]
[sifattechpoint.wordpress.com/2021/08/29/id-card-design-1/GET.html]
[sifattechpoint.wordpress.com/tag/id-card-design/GET.html]
[sifattechpoint.wordpress.com/2021/08/16/mittu-soronika-design-1/index9a7b.html]
[sifattechpoint.wordpress.com/2021/08/16/mittu-soronika-design-1/index5a58.html]
[sifattechpoint.wordpress.com/2021/08/16/mittu-soronika-design-1/GET.html]
[sifattechpoint.wordpress.com/tag/mittu-soronika/GET.html]
[sifattechpoint.wordpress.com/tag/pixellab-tutorial-bangla/GET.html]
[sifattechpoint.wordpress.com/2021/06/16/brikko-rupon-kormosuchi-banner-design-plp/GET]
[sifattechpoint.wordpress.com/2021/06/16/brikko-rupon-kormosuchi-banner-design-plp/feed/index.html]
[sifattechpoint.wordpress.com/2021/06/16/brikko-rupon-kormosuchi-banner-design-plp/index.html]
[sifattechpoint.wordpress.com/2021/06/08/professional-business-card-design-plp/GET]
[sifattechpoint.wordpress.com/2021/06/08/professional-business-card-design-plp/feed/index.html]
[sifattechpoint.wordpress.com/2021/06/08/professional-business-card-design-plp/index.html]
[sifattechpoint.wordpress.com/2021/05/13/eid-ul-fitr-poster-design-4/GET]
[sifattechpoint.wordpress.com/2021/05/13/eid-ul-fitr-poster-design-4/feed/index.html]
[sifattechpoint.wordpress.com/2021/05/13/eid-ul-fitr-poster-design-4/index.html]
[sifattechpoint.wordpress.com/2021/05/06/eid-ul-fitr-banner-design-1/GET]
[sifattechpoint.wordpress.com/2021/05/06/eid-ul-fitr-banner-design-1/feed/index.html]
[sifattechpoint.wordpress.com/2021/05/06/eid-ul-fitr-banner-design-1/indexd084.html]
[sifattechpoint.wordpress.com/2021/05/06/eid-ul-fitr-banner-design-1/index21b4.html]
[sifattechpoint.wordpress.com/2021/05/06/eid-ul-fitr-banner-design-1/index.html]
[sifattechpoint.wordpress.com/2021/05/01/eid-ul-fitr-poster-design-3/feed/index.html]
[sifattechpoint.wordpress.com/2021/05/01/eid-ul-fitr-poster-design-3/GET]
[sifattechpoint.wordpress.com/2021/05/01/eid-ul-fitr-poster-design-3/index74b1.html]
[sifattechpoint.wordpress.com/2021/05/01/eid-ul-fitr-poster-design-3/index0e22.html]
[sifattechpoint.wordpress.com/2021/05/01/eid-ul-fitr-poster-design-3/index2f39.html]
[sifattechpoint.wordpress.com/2021/05/01/eid-ul-fitr-poster-design-3/index3094.html]
[sifattechpoint.wordpress.com/2021/05/01/eid-ul-fitr-poster-design-3/index45d0.html]
[sifattechpoint.wordpress.com/2021/05/01/eid-ul-fitr-poster-design-3/index8e42.html]
[sifattechpoint.wordpress.com/2021/05/01/eid-ul-fitr-poster-design-3/index.html]
[sifattechpoint.wordpress.com/2021/04/29/eid-al-fitr-poster-design-plp-2/feed/index.html]
[sifattechpoint.wordpress.com/2021/04/29/eid-al-fitr-poster-design-plp-2/GET]
[sifattechpoint.wordpress.com/2021/04/29/eid-al-fitr-poster-design-plp-2/index19bd.html]
[sifattechpoint.wordpress.com/2021/04/29/eid-al-fitr-poster-design-plp-2/index6809.html]
[sifattechpoint.wordpress.com/2021/04/17/index.html]
[sifattechpoint.wordpress.com/2021/04/19/index.html]
[sifattechpoint.wordpress.com/2021/04/23/index.html]
[sifattechpoint.wordpress.com/2021/04/29/eid-al-fitr-poster-design-plp-2/index.html]
[sifattechpoint.wordpress.com/2021/04/29/index.html]
[sifattechpoint.wordpress.com/2021/04/23/eid-mubarak-poster-design-plp-1/feed/index.html]
[sifattechpoint.wordpress.com/2021/04/23/eid-mubarak-poster-design-plp-1/GET]
[sifattechpoint.wordpress.com/2021/04/23/eid-mubarak-poster-design-plp-1/index.html]
[sifattechpoint.wordpress.com/2021/04/17/ramadan-calendar-2021-plp-2/index.html]
[sifattechpoint.files.wordpress.com/2021/04/e0a7a8e0a7a6e0a7a8e0a7a7e0a7a6e0a7aae0a7a6e0a7a8_e0a7a6e0a7ade0a7a7e0a7a6e0a7aae0a7a75672.jpg]
[sifattechpoint.wordpress.com/page/5/GET]
[sifattechpoint.wordpress.com/page/5/index.html]
[sifattechpoint.wordpress.com/page/4/GET.html]
[sifattechpoint.wordpress.com/2021/04/19/ramadan-calendar-2021-plp-1/GET]
[sifattechpoint.wordpress.com/2021/04/19/ramadan-calendar-2021-plp-1/feed/index.html]
[sifattechpoint.wordpress.com/2021/04/19/ramadan-calendar-2021-plp-1/index.html]
[sifattechpoint.wordpress.com/category/free-plp/page/5/GET]
[sifattechpoint.wordpress.com/category/free-plp/page/5/index.html]
[sifattechpoint.wordpress.com/category/free-plp/page/4/GET.html]
[sifattechpoint.wordpress.com/2021/06/23/eid-ul-azha-poster-design-plp-1/index9a7b.html]
[sifattechpoint.wordpress.com/2021/06/23/eid-ul-azha-poster-design-plp-1/index5a58.html]
[sifattechpoint.wordpress.com/2021/06/23/eid-ul-azha-poster-design-plp-1/GET.html]
[sifattechpoint.wordpress.com/author/sifattechpoint/page/5/GET]
[sifattechpoint.wordpress.com/author/sifattechpoint/page/5/index.html]
[sifattechpoint.wordpress.com/author/sifattechpoint/page/4/GET.html]
[sifattechpoint.wordpress.com/2021/07/03/GET.html]
[sifattechpoint.wordpress.com/2021/07/10/GET.html]
[sifattechpoint.wordpress.com/2021/07/14/GET.html]
[sifattechpoint.wordpress.com/2021/06/GET.html]
[sifattechpoint.wordpress.com/2021/06/08/GET.html]
[sifattechpoint.wordpress.com/2021/06/16/GET.html]
[sifattechpoint.wordpress.com/2021/06/23/GET.html]
[sifattechpoint.wordpress.com/2021/06/29/GET.html]
[sifattechpoint.wordpress.com/2021/05/01/GET]
[sifattechpoint.wordpress.com/2021/05/01/index.html]
[sifattechpoint.wordpress.com/2021/05/06/GET]
[sifattechpoint.wordpress.com/2021/05/06/index.html]
[sifattechpoint.wordpress.com/2021/05/13/GET]
[sifattechpoint.wordpress.com/2021/05/13/index.html]
[sifattechpoint.wordpress.com/2021/04/GET]
[sifattechpoint.wordpress.com/2021/04/index.html]
[sifattechpoint.wordpress.com/2021/05/GET.html]
[sifattechpoint.wordpress.com/2021/06/16/brikko-rupon-kormosuchi-banner-design-plp/index9a7b.html]
[sifattechpoint.wordpress.com/2021/06/16/brikko-rupon-kormosuchi-banner-design-plp/index5a58.html]
[sifattechpoint.wordpress.com/2021/06/16/brikko-rupon-kormosuchi-banner-design-plp/GET.html]
[sifattechpoint.wordpress.com/2021/06/08/professional-business-card-design-plp/index9a7b.html]
[sifattechpoint.wordpress.com/2021/06/08/professional-business-card-design-plp/index5a58.html]
[sifattechpoint.wordpress.com/2021/06/08/professional-business-card-design-plp/GET.html]
[sifattechpoint.wordpress.com/2021/05/13/eid-ul-fitr-poster-design-4/index9a7b.html]
[sifattechpoint.wordpress.com/2021/05/13/eid-ul-fitr-poster-design-4/index5a58.html]
[sifattechpoint.wordpress.com/2021/05/13/eid-ul-fitr-poster-design-4/GET.html]
[sifattechpoint.wordpress.com/2021/05/06/eid-ul-fitr-banner-design-1/index9a7b.html]
[sifattechpoint.wordpress.com/2021/05/06/eid-ul-fitr-banner-design-1/index5a58.html]
[sifattechpoint.wordpress.com/2021/05/06/eid-ul-fitr-banner-design-1/indexd084.html]
[sifattechpoint.wordpress.com/2021/05/06/eid-ul-fitr-banner-design-1/index21b4.html]
[sifattechpoint.wordpress.com/2021/05/06/eid-ul-fitr-banner-design-1/GET.html]
[sifattechpoint.wordpress.com/2021/05/01/eid-ul-fitr-poster-design-3/index9a7b.html]
[sifattechpoint.wordpress.com/2021/05/01/eid-ul-fitr-poster-design-3/index5a58.html]
[sifattechpoint.wordpress.com/2021/05/01/eid-ul-fitr-poster-design-3/index74b1.html]
[sifattechpoint.wordpress.com/2021/05/01/eid-ul-fitr-poster-design-3/index0e22.html]
[sifattechpoint.wordpress.com/2021/05/01/eid-ul-fitr-poster-design-3/index2f39.html]
[sifattechpoint.wordpress.com/2021/05/01/eid-ul-fitr-poster-design-3/index3094.html]
[sifattechpoint.wordpress.com/2021/05/01/eid-ul-fitr-poster-design-3/index45d0.html]
[sifattechpoint.wordpress.com/2021/05/01/eid-ul-fitr-poster-design-3/index8e42.html]
[sifattechpoint.wordpress.com/2021/05/01/eid-ul-fitr-poster-design-3/GET.html]
[sifattechpoint.wordpress.com/2021/04/29/eid-al-fitr-poster-design-plp-2/index9a7b.html]
[sifattechpoint.wordpress.com/2021/04/29/eid-al-fitr-poster-design-plp-2/index5a58.html]
[sifattechpoint.wordpress.com/2021/04/29/eid-al-fitr-poster-design-plp-2/index19bd.html]
[sifattechpoint.wordpress.com/2021/04/29/eid-al-fitr-poster-design-plp-2/index6809.html]
[sifattechpoint.wordpress.com/2021/04/17/GET]
[sifattechpoint.wordpress.com/2021/04/17/index.html]
[sifattechpoint.wordpress.com/2021/04/19/GET]
[sifattechpoint.wordpress.com/2021/04/19/index.html]
[sifattechpoint.wordpress.com/2021/04/23/GET]
[sifattechpoint.wordpress.com/2021/04/23/index.html]
[sifattechpoint.wordpress.com/2021/04/29/GET]
[sifattechpoint.wordpress.com/2021/04/29/index.html]
[sifattechpoint.wordpress.com/2021/04/29/eid-al-fitr-poster-design-plp-2/GET.html]
[sifattechpoint.wordpress.com/2021/04/23/eid-mubarak-poster-design-plp-1/index9a7b.html]
[sifattechpoint.wordpress.com/2021/04/23/eid-mubarak-poster-design-plp-1/index5a58.html]
[sifattechpoint.wordpress.com/2021/04/23/eid-mubarak-poster-design-plp-1/GET.html]
[sifattechpoint.wordpress.com/2021/04/17/ramadan-calendar-2021-plp-2/GET]
[sifattechpoint.wordpress.com/2021/04/17/ramadan-calendar-2021-plp-2/feed/index.html]
[sifattechpoint.wordpress.com/2021/04/17/ramadan-calendar-2021-plp-2/index.html]
[sifattechpoint.wordpress.com/page/5/GET.html]
[sifattechpoint.wordpress.com/2021/04/19/ramadan-calendar-2021-plp-1/index9a7b.html]
[sifattechpoint.wordpress.com/2021/04/19/ramadan-calendar-2021-plp-1/index5a58.html]
[sifattechpoint.wordpress.com/2021/04/19/ramadan-calendar-2021-plp-1/GET.html]
[sifattechpoint.wordpress.com/category/free-plp/page/5/GET.html]
[sifattechpoint.wordpress.com/author/sifattechpoint/page/5/GET.html]
[sifattechpoint.wordpress.com/2021/05/01/GET.html]
[sifattechpoint.wordpress.com/2021/05/06/GET.html]
[sifattechpoint.wordpress.com/2021/05/13/GET.html]
[sifattechpoint.wordpress.com/2021/04/GET.html]
[sifattechpoint.wordpress.com/2021/04/17/GET.html]
[sifattechpoint.wordpress.com/2021/04/19/GET.html]
[sifattechpoint.wordpress.com/2021/04/23/GET.html]
[sifattechpoint.wordpress.com/2021/04/29/GET.html]
[sifattechpoint.wordpress.com/2021/04/17/ramadan-calendar-2021-plp-2/index9a7b.html]
[sifattechpoint.wordpress.com/2021/04/17/ramadan-calendar-2021-plp-2/index5a58.html]
[sifattechpoint.wordpress.com/2021/04/17/ramadan-calendar-2021-plp-2/GET.html]
